## Ответы к заданию: "Элементы безопасности информационных систем"

#### 1. Установите плагин Bitwarden для браузера. Зарегестрируйтесь и сохраните несколько паролей.
Выполнено.

#### 2. Установите Google Authenticator на мобильный телефон. Настройте вход в Bitwarden-акаунт через Google Authenticator OTP
Выполнено.

#### 3. Установите apache2, сгенерируйте самоподписанный сертификат, настройте тестовый сайт для работы по HTTPS.
```
vagrant@sysadm-fs:~$ sudo apt install apache2
```

```
agrant@sysadm-fs:~$ sudo a2enmod ssl
Considering dependency setenvif for ssl:
Module setenvif already enabled
Considering dependency mime for ssl:
Module mime already enabled
Considering dependency socache_shmcb for ssl:
Enabling module socache_shmcb.
Enabling module ssl.
See /usr/share/doc/apache2/README.Debian.gz on how to configure SSL and create self-signed certificates.
To activate the new configuration, you need to run:
  systemctl restart apache2
vagrant@sysadm-fs:~$ sudo systemctl restart apache2

```

```
vagrant@sysadm-fs:~$ sudo openssl req -x509 -nodes -days 365 -newkey rsa:2048 -keyout /etc/ssl/private/apache-selfsigned.key -out /etc/ssl/certs/apache-selfsigned.crt
Generating a RSA private key
.............................................................................+++++
............................................+++++
writing new private key to '/etc/ssl/private/apache-selfsigned.key'
-----
You are about to be asked to enter information that will be incorporated
into your certificate request.
What you are about to enter is what is called a Distinguished Name or a DN.
There are quite a few fields but you can leave some blank
For some fields there will be a default value,
If you enter '.', the field will be left blank.
-----
Country Name (2 letter code) [AU]:
State or Province Name (full name) [Some-State]:
Locality Name (eg, city) []:
Organization Name (eg, company) [Internet Widgits Pty Ltd]:
Organizational Unit Name (eg, section) []:
Common Name (e.g. server FQDN or YOUR name) []:10.0.2.15
Email Address []:
```

```
vagrant@sysadmu-fs:~$cat vim /etc/apache2/sites-available/10.0.2.15.conf
cat: vim: No such file or directory
<VirtualHost *:443>
   ServerName 10.0.2.15
   DocumentRoot /var/www/10.0.2.15

   SSLEngine on
   SSLCertificateFile /etc/ssl/certs/apache-selfsigned.crt
   SSLCertificateKeyFile /etc/ssl/private/apache-selfsigned.key
</VirtualHost>
```

```
vagrant@sysadm-fs:~$ echo "this is test index.html" | sudo tee /var/www/10.0.2.15/index.html
```

```
vagrant@sysadm-fs:~$ sudo a2ensite 10.0.2.15
Enabling site 10.0.2.15.
To activate the new configuration, you need to run:
  systemctl reload apache2

vagrant@sysadm-fs:~$ sudo systemctl reload apache2
```

```
curl --insecure -v https://10.0.2.15
*   Trying 10.0.2.15:443...
* TCP_NODELAY set
* Connected to 10.0.2.15 (10.0.2.15) port 443 (#0)
* ALPN, offering h2
* ALPN, offering http/1.1
* successfully set certificate verify locations:
*   CAfile: /etc/ssl/certs/ca-certificates.crt
  CApath: /etc/ssl/certs
* TLSv1.3 (OUT), TLS handshake, Client hello (1):
* TLSv1.3 (IN), TLS handshake, Server hello (2):
* TLSv1.3 (IN), TLS handshake, Encrypted Extensions (8):
* TLSv1.3 (IN), TLS handshake, Certificate (11):
* TLSv1.3 (IN), TLS handshake, CERT verify (15):
* TLSv1.3 (IN), TLS handshake, Finished (20):
* TLSv1.3 (OUT), TLS change cipher, Change cipher spec (1):
* TLSv1.3 (OUT), TLS handshake, Finished (20):
* SSL connection using TLSv1.3 / TLS_AES_256_GCM_SHA384
* ALPN, server accepted to use http/1.1
* Server certificate:
*  subject: C=AU; ST=Some-State; O=Internet Widgits Pty Ltd; CN=10.0.2.15
*  start date: Apr 13 14:32:31 2023 GMT
*  expire date: Apr 12 14:32:31 2024 GMT
*  issuer: C=AU; ST=Some-State; O=Internet Widgits Pty Ltd; CN=10.0.2.15
*  SSL certificate verify result: self signed certificate (18), continuing anyway.
> GET / HTTP/1.1
> Host: 10.0.2.15
> User-Agent: curl/7.68.0
> Accept: */*
>
* TLSv1.3 (IN), TLS handshake, Newsession Ticket (4):
* TLSv1.3 (IN), TLS handshake, Newsession Ticket (4):
* old SSL session ID is stale, removing
* Mark bundle as not supporting multiuse
< HTTP/1.1 200 OK
< Date: Thu, 13 Apr 2023 15:32:17 GMT
< Server: Apache/2.4.41 (Ubuntu)
< Last-Modified: Thu, 13 Apr 2023 14:44:30 GMT
< ETag: "18-5f938c319cbe8"
< Accept-Ranges: bytes
< Content-Length: 24
< Content-Type: text/html
<
this is test index.html
* Connection #0 to host 10.0.2.15 left intact
```

#### 4. Проверьте на TLS-уязвимости произвольный сайт в интернете (кроме сайтов МВД, ФСБ, МинОбр, НацБанк, РосКосмос, РосАтом, РосНАНО и любых госкомпаний, объектов КИИ, ВПК и т. п.).
```
vagrant@sysadm-fs:~/testssl.sh$ ./testssl.sh -U --sneaky https://netology.ru

###########################################################
    testssl.sh       3.2rc2 from https://testssl.sh/dev/
    (aa5235e 2023-04-01 09:51:27)

      This program is free software. Distribution and
             modification under GPLv2 permitted.
      USAGE w/o ANY WARRANTY. USE IT AT YOUR OWN RISK!

       Please file bugs @ https://testssl.sh/bugs/

###########################################################

 Using "OpenSSL 1.0.2-bad (1.0.2k-dev)" [~183 ciphers]
 on sysadm-fs:./bin/openssl.Linux.x86_64
 (built: "Sep  1 14:03:44 2022", platform: "linux-x86_64")


Testing all IPv4 addresses (port 443): 104.22.40.171 172.67.21.207 104.22.41.171
--------------------------------------------------------------------------
 Start 2023-04-13 15:54:46                -->> 104.22.40.171:443 (netology.ru) <<--

 Further IP addresses:   104.22.41.171 172.67.21.207 2606:4700:10::ac43:15cf 2606:4700:10::6816:29ab
                         2606:4700:10::6816:28ab
 rDNS (104.22.40.171):   --
 Service detected:       HTTP


 Testing vulnerabilities

 Heartbleed (CVE-2014-0160)                not vulnerable (OK), no heartbeat extension
 CCS (CVE-2014-0224)                       not vulnerable (OK)
 Ticketbleed (CVE-2016-9244), experiment.  not vulnerable (OK), no session tickets
```

#### 5. Установите на Ubuntu SSH-сервер, сгенерируйте новый приватный ключ. Скопируйте свой публичный ключ на другой сервер. Подключитесь к серверу по SSH-ключу.
```
vagrant@sysadm-fs:~/testssl.sh$ systemctl status sshd.service
● ssh.service - OpenBSD Secure Shell server
     Loaded: loaded (/lib/systemd/system/ssh.service; enabled; vendor preset: enabled)
     Active: active (running) since Mon 2023-04-10 12:24:47 UTC; 3 days ago
       Docs: man:sshd(8)
             man:sshd_config(5)
   Main PID: 913 (sshd)
      Tasks: 1 (limit: 2315)
     Memory: 6.6M
     CGroup: /system.slice/ssh.service
             └─913 sshd: /usr/sbin/sshd -D [listener] 0 of 10-100 startups
```

```
vagrant@sysadm-fs:~/testssl.sh$ ssh-keygen
Generating public/private rsa key pair.
Enter file in which to save the key (/home/vagrant/.ssh/id_rsa):
```

```
vagrant@sysadm-fs:~/testssl.sh$ ssh-copy-id pbm@80.243.***.***
/usr/bin/ssh-copy-id: INFO: Source of key(s) to be installed: "/home/vagrant/.ssh/id_rsa.pub"
/usr/bin/ssh-copy-id: INFO: attempting to log in with the new key(s), to filter out any that are already installed
/usr/bin/ssh-copy-id: INFO: 1 key(s) remain to be installed -- if you are prompted now it is to install the new keys
pbm@80.243.***.***'s password:

Number of key(s) added: 1

Now try logging into the machine, with:   "ssh 'pbm@80.243.***.***'"
and check to make sure that only the key(s) you wanted were added.
```

```
vagrant@sysadm-fs:~/testssl.sh$ ssh pbm@80.243.***.***
Last failed login: Sun Apr  9 19:54:31 +07 2023 from vps-47dc7624.vps.ovh.net on ssh:notty
There were 2 failed login attempts since the last successful login.
Last login: Sat Mar 18 14:10:47 2023
[pbm@1294265-ck91925 ~]$ 
```


#### 6. Переименуйте файлы ключей из задания 5. Настройте файл конфигурации SSH-клиента так, чтобы вход на удалённый сервер осуществлялся по имени сервер

```
vagrant@sysadm-fs:~/.ssh$ touch ~/.ssh/config

vagrant@sysadm-fs:~/.ssh$ chmod 600 ~/.ssh/config
```
vagrant@sysadm-fs:~/.ssh$ cat ~/.ssh/config
Host tm1
     HostName 80.243.***.***
     User pbm
```

```
vagrant@sysadm-fs:~/.ssh$ ssh tm1
Last login: Thu Apr 13 23:42:25 2023 from 138.199.60.181
[pbm@1294261-ck91925 ~]$
```

#### 7. Соберите дамп трафика утилитой tcpdump в формате pcap, 100 пакетов. Откройте файл pcap в Wireshark.

```
vagrant@sysadm-fs:~$ sudo tcpdump -c 100 -w 1.pcap -i eth0
tcpdump: listening on eth0, link-type EN10MB (Ethernet), capture size 262144 bytes
100 packets captured
101 packets received by filter
0 packets dropped by kernel

```

https://disk.yandex.ru/i/GRBIQJ3d_TAjBA

